Info: Starting: Create simulation model
Info: qsys-generate "/home/peter/Documents/RMIT/2019.1/Advanced Digital Design/Final_Project/add_final_project/project_files/fft_project/fft_add.qsys" --simulation=VERILOG --allow-mixed-language-simulation --output-directory="/home/peter/Documents/RMIT/2019.1/Advanced Digital Design/Final_Project/add_final_project/project_files/fft_project/fft_add/simulation" --family="Cyclone V" --part=5CSEBA6U23I7DK
Progress: Loading fft_project/fft_add.qsys
Progress: Reading input file
Progress: Adding fft_ii_0 [altera_fft_ii 18.1]
Progress: Parameterizing module fft_ii_0
Progress: Building connections
Progress: Parameterizing connections
Progress: Validating
Progress: Done reading input file
Info: fft_add.fft_ii_0: Radix-2 digit reverse implied
Info: fft_add: Generating fft_add "fft_add" for SIM_VERILOG
Info: fft_ii_0: --- add file: fft_add_fft_ii_0_opt_twr4.hex
Info: fft_ii_0: --- add file: fft_add_fft_ii_0_opt_twi1.hex
Info: fft_ii_0: --- add file: fft_add_fft_ii_0_opt_twr1.hex
Info: fft_ii_0: --- add file: fft_add_fft_ii_0_opt_twi2.hex
Info: fft_ii_0: --- add file: fft_add_fft_ii_0_opt_twr2.hex
Info: fft_ii_0: --- add file: fft_add_fft_ii_0_opt_twi3.hex
Info: fft_ii_0: --- add file: fft_add_fft_ii_0_opt_twr3.hex
Info: fft_ii_0: --- add file: fft_add_fft_ii_0_opt_twi4.hex
Info: fft_ii_0: "fft_add" instantiated altera_fft_ii "fft_ii_0"
Info: fft_add: Done "fft_add" with 2 modules, 208 files
Info: qsys-generate succeeded.
Info: Finished: Create simulation model
Info: Starting: Create Modelsim Project.
Info: sim-script-gen --spd="/home/peter/Documents/RMIT/2019.1/Advanced Digital Design/Final_Project/add_final_project/project_files/fft_project/fft_add/fft_add.spd" --output-directory="/home/peter/Documents/RMIT/2019.1/Advanced Digital Design/Final_Project/add_final_project/project_files/fft_project/fft_add/simulation/" --use-relative-paths=true
Info: Doing: ip-make-simscript --spd=/home/peter/Documents/RMIT/2019.1/Advanced Digital Design/Final_Project/add_final_project/project_files/fft_project/fft_add/fft_add.spd --output-directory=/home/peter/Documents/RMIT/2019.1/Advanced Digital Design/Final_Project/add_final_project/project_files/fft_project/fft_add/simulation/ --use-relative-paths=true
Info: Generating the following file(s) for MODELSIM simulator in /home/peter/Documents/RMIT/2019.1/Advanced Digital Design/Final_Project/add_final_project/project_files/fft_project/fft_add/simulation/ directory:
Info: 	mentor/msim_setup.tcl
Info: Skipping VCS script generation since VHDL file $QUARTUS_INSTALL_DIR/eda/sim_lib/altera_syn_attributes.vhd is required for simulation
Info: Generating the following file(s) for VCSMX simulator in /home/peter/Documents/RMIT/2019.1/Advanced Digital Design/Final_Project/add_final_project/project_files/fft_project/fft_add/simulation/ directory:
Info: 	synopsys/vcsmx/synopsys_sim.setup
Info: 	synopsys/vcsmx/vcsmx_setup.sh
Info: Generating the following file(s) for NCSIM simulator in /home/peter/Documents/RMIT/2019.1/Advanced Digital Design/Final_Project/add_final_project/project_files/fft_project/fft_add/simulation/ directory:
Info: 	cadence/cds.lib
Info: 	cadence/hdl.var
Info: 	cadence/ncsim_setup.sh
Info: 	1 .cds.lib files in cadence/cds_libs/ directory
Info: Generating the following file(s) for RIVIERA simulator in /home/peter/Documents/RMIT/2019.1/Advanced Digital Design/Final_Project/add_final_project/project_files/fft_project/fft_add/simulation/ directory:
Info: 	aldec/rivierapro_setup.tcl
Info: For information on how to simulate your IP, see the explanatory comments in the simulator-specific subdirectories under /home/peter/Documents/RMIT/2019.1/Advanced Digital Design/Final_Project/add_final_project/project_files/fft_project/fft_add/simulation/.
Info: Regenerate these scripts whenever you make any change to any Quartus-generated IP in your project.
Info: Finished: Create Modelsim Project.
Info: Starting: Create block symbol file (.bsf)
Info: qsys-generate "/home/peter/Documents/RMIT/2019.1/Advanced Digital Design/Final_Project/add_final_project/project_files/fft_project/fft_add.qsys" --block-symbol-file --output-directory="/home/peter/Documents/RMIT/2019.1/Advanced Digital Design/Final_Project/add_final_project/project_files/fft_project/fft_add" --family="Cyclone V" --part=5CSEBA6U23I7DK
Progress: Loading fft_project/fft_add.qsys
Progress: Reading input file
Progress: Adding fft_ii_0 [altera_fft_ii 18.1]
Progress: Parameterizing module fft_ii_0
Progress: Building connections
Progress: Parameterizing connections
Progress: Validating
Progress: Done reading input file
Info: fft_add.fft_ii_0: Radix-2 digit reverse implied
Info: qsys-generate succeeded.
Info: Finished: Create block symbol file (.bsf)
Info: 
Info: Starting: Create HDL design files for synthesis
Info: qsys-generate "/home/peter/Documents/RMIT/2019.1/Advanced Digital Design/Final_Project/add_final_project/project_files/fft_project/fft_add.qsys" --synthesis=VERILOG --output-directory="/home/peter/Documents/RMIT/2019.1/Advanced Digital Design/Final_Project/add_final_project/project_files/fft_project/fft_add/synthesis" --family="Cyclone V" --part=5CSEBA6U23I7DK
Progress: Loading fft_project/fft_add.qsys
Progress: Reading input file
Progress: Adding fft_ii_0 [altera_fft_ii 18.1]
Progress: Parameterizing module fft_ii_0
Progress: Building connections
Progress: Parameterizing connections
Progress: Validating
Progress: Done reading input file
Info: fft_add.fft_ii_0: Radix-2 digit reverse implied
Info: fft_add: Generating fft_add "fft_add" for QUARTUS_SYNTH
Info: fft_ii_0: --- add file: fft_add_fft_ii_0_opt_twr4.hex
Info: fft_ii_0: --- add file: fft_add_fft_ii_0_opt_twi1.hex
Info: fft_ii_0: --- add file: fft_add_fft_ii_0_opt_twr1.hex
Info: fft_ii_0: --- add file: fft_add_fft_ii_0_opt_twi2.hex
Info: fft_ii_0: --- add file: fft_add_fft_ii_0_opt_twr2.hex
Info: fft_ii_0: --- add file: fft_add_fft_ii_0_opt_twi3.hex
Info: fft_ii_0: --- add file: fft_add_fft_ii_0_opt_twr3.hex
Info: fft_ii_0: --- add file: fft_add_fft_ii_0_opt_twi4.hex
Info: fft_ii_0: "fft_add" instantiated altera_fft_ii "fft_ii_0"
Info: fft_add: Done "fft_add" with 2 modules, 50 files
Info: qsys-generate succeeded.
Info: Finished: Create HDL design files for synthesis
