Analysis & Synthesis report for CRPK_ADC_Project
Sat May 18 14:25:14 2019
Quartus Prime Version 18.1.0 Build 625 09/12/2018 SJ Lite Edition


---------------------
; Table of Contents ;
---------------------
  1. Legal Notice
  2. Analysis & Synthesis Summary
  3. Analysis & Synthesis Settings
  4. Parallel Compilation
  5. Analysis & Synthesis Source Files Read
  6. Analysis & Synthesis Resource Usage Summary
  7. Analysis & Synthesis Resource Utilization by Entity
  8. State Machine - |CRPK_ADC_Project|i2c_master:i2c|current_state
  9. Registers Removed During Synthesis
 10. Removed Registers Triggering Further Register Optimizations
 11. General Register Statistics
 12. Parameter Settings for User Entity Instance: i2c_master:i2c
 13. Port Connectivity Checks: "i2c_master:i2c"
 14. Post-Synthesis Netlist Statistics for Top Partition
 15. Elapsed Time Per Partition
 16. Analysis & Synthesis Messages



----------------
; Legal Notice ;
----------------
Copyright (C) 2018  Intel Corporation. All rights reserved.
Your use of Intel Corporation's design tools, logic functions 
and other software and tools, and its AMPP partner logic 
functions, and any output files from any of the foregoing 
(including device programming or simulation files), and any 
associated documentation or information are expressly subject 
to the terms and conditions of the Intel Program License 
Subscription Agreement, the Intel Quartus Prime License Agreement,
the Intel FPGA IP License Agreement, or other applicable license
agreement, including, without limitation, that your use is for
the sole purpose of programming logic devices manufactured by
Intel and sold by Intel or its authorized distributors.  Please
refer to the applicable agreement for further details.



+-------------------------------------------------------------------------------+
; Analysis & Synthesis Summary                                                  ;
+---------------------------------+---------------------------------------------+
; Analysis & Synthesis Status     ; Successful - Sat May 18 14:25:14 2019       ;
; Quartus Prime Version           ; 18.1.0 Build 625 09/12/2018 SJ Lite Edition ;
; Revision Name                   ; CRPK_ADC_Project                            ;
; Top-level Entity Name           ; CRPK_ADC_Project                            ;
; Family                          ; Cyclone V                                   ;
; Logic utilization (in ALMs)     ; N/A                                         ;
; Total registers                 ; 0                                           ;
; Total pins                      ; 11                                          ;
; Total virtual pins              ; 0                                           ;
; Total block memory bits         ; 0                                           ;
; Total DSP Blocks                ; 0                                           ;
; Total HSSI RX PCSs              ; 0                                           ;
; Total HSSI PMA RX Deserializers ; 0                                           ;
; Total HSSI TX PCSs              ; 0                                           ;
; Total HSSI PMA TX Serializers   ; 0                                           ;
; Total PLLs                      ; 0                                           ;
; Total DLLs                      ; 0                                           ;
+---------------------------------+---------------------------------------------+


+---------------------------------------------------------------------------------------------------------------------------+
; Analysis & Synthesis Settings                                                                                             ;
+---------------------------------------------------------------------------------+--------------------+--------------------+
; Option                                                                          ; Setting            ; Default Value      ;
+---------------------------------------------------------------------------------+--------------------+--------------------+
; Device                                                                          ; 5CSEBA6U23I7DK     ;                    ;
; Top-level entity name                                                           ; CRPK_ADC_Project   ; CRPK_ADC_Project   ;
; Family name                                                                     ; Cyclone V          ; Cyclone V          ;
; Use smart compilation                                                           ; Off                ; Off                ;
; Enable parallel Assembler and Timing Analyzer during compilation                ; On                 ; On                 ;
; Enable compact report table                                                     ; Off                ; Off                ;
; Restructure Multiplexers                                                        ; Auto               ; Auto               ;
; MLAB Add Timing Constraints For Mixed-Port Feed-Through Mode Setting Don't Care ; Off                ; Off                ;
; Create Debugging Nodes for IP Cores                                             ; Off                ; Off                ;
; Preserve fewer node names                                                       ; On                 ; On                 ;
; Intel FPGA IP Evaluation Mode                                                   ; Enable             ; Enable             ;
; Verilog Version                                                                 ; Verilog_2001       ; Verilog_2001       ;
; VHDL Version                                                                    ; VHDL_1993          ; VHDL_1993          ;
; State Machine Processing                                                        ; Auto               ; Auto               ;
; Safe State Machine                                                              ; Off                ; Off                ;
; Extract Verilog State Machines                                                  ; On                 ; On                 ;
; Extract VHDL State Machines                                                     ; On                 ; On                 ;
; Ignore Verilog initial constructs                                               ; Off                ; Off                ;
; Iteration limit for constant Verilog loops                                      ; 5000               ; 5000               ;
; Iteration limit for non-constant Verilog loops                                  ; 250                ; 250                ;
; Add Pass-Through Logic to Inferred RAMs                                         ; On                 ; On                 ;
; Infer RAMs from Raw Logic                                                       ; On                 ; On                 ;
; Parallel Synthesis                                                              ; On                 ; On                 ;
; DSP Block Balancing                                                             ; Auto               ; Auto               ;
; NOT Gate Push-Back                                                              ; On                 ; On                 ;
; Power-Up Don't Care                                                             ; On                 ; On                 ;
; Remove Redundant Logic Cells                                                    ; Off                ; Off                ;
; Remove Duplicate Registers                                                      ; On                 ; On                 ;
; Ignore CARRY Buffers                                                            ; Off                ; Off                ;
; Ignore CASCADE Buffers                                                          ; Off                ; Off                ;
; Ignore GLOBAL Buffers                                                           ; Off                ; Off                ;
; Ignore ROW GLOBAL Buffers                                                       ; Off                ; Off                ;
; Ignore LCELL Buffers                                                            ; Off                ; Off                ;
; Ignore SOFT Buffers                                                             ; On                 ; On                 ;
; Limit AHDL Integers to 32 Bits                                                  ; Off                ; Off                ;
; Optimization Technique                                                          ; Balanced           ; Balanced           ;
; Carry Chain Length                                                              ; 70                 ; 70                 ;
; Auto Carry Chains                                                               ; On                 ; On                 ;
; Auto Open-Drain Pins                                                            ; On                 ; On                 ;
; Perform WYSIWYG Primitive Resynthesis                                           ; Off                ; Off                ;
; Auto ROM Replacement                                                            ; On                 ; On                 ;
; Auto RAM Replacement                                                            ; On                 ; On                 ;
; Auto DSP Block Replacement                                                      ; On                 ; On                 ;
; Auto Shift Register Replacement                                                 ; Auto               ; Auto               ;
; Allow Shift Register Merging across Hierarchies                                 ; Auto               ; Auto               ;
; Auto Clock Enable Replacement                                                   ; On                 ; On                 ;
; Strict RAM Replacement                                                          ; Off                ; Off                ;
; Allow Synchronous Control Signals                                               ; On                 ; On                 ;
; Force Use of Synchronous Clear Signals                                          ; Off                ; Off                ;
; Auto Resource Sharing                                                           ; Off                ; Off                ;
; Allow Any RAM Size For Recognition                                              ; Off                ; Off                ;
; Allow Any ROM Size For Recognition                                              ; Off                ; Off                ;
; Allow Any Shift Register Size For Recognition                                   ; Off                ; Off                ;
; Use LogicLock Constraints during Resource Balancing                             ; On                 ; On                 ;
; Ignore translate_off and synthesis_off directives                               ; Off                ; Off                ;
; Timing-Driven Synthesis                                                         ; On                 ; On                 ;
; Report Parameter Settings                                                       ; On                 ; On                 ;
; Report Source Assignments                                                       ; On                 ; On                 ;
; Report Connectivity Checks                                                      ; On                 ; On                 ;
; Ignore Maximum Fan-Out Assignments                                              ; Off                ; Off                ;
; Synchronization Register Chain Length                                           ; 3                  ; 3                  ;
; Power Optimization During Synthesis                                             ; Normal compilation ; Normal compilation ;
; HDL message level                                                               ; Level2             ; Level2             ;
; Suppress Register Optimization Related Messages                                 ; Off                ; Off                ;
; Number of Removed Registers Reported in Synthesis Report                        ; 5000               ; 5000               ;
; Number of Swept Nodes Reported in Synthesis Report                              ; 5000               ; 5000               ;
; Number of Inverted Registers Reported in Synthesis Report                       ; 100                ; 100                ;
; Clock MUX Protection                                                            ; On                 ; On                 ;
; Auto Gated Clock Conversion                                                     ; Off                ; Off                ;
; Block Design Naming                                                             ; Auto               ; Auto               ;
; SDC constraint protection                                                       ; Off                ; Off                ;
; Synthesis Effort                                                                ; Auto               ; Auto               ;
; Shift Register Replacement - Allow Asynchronous Clear Signal                    ; On                 ; On                 ;
; Pre-Mapping Resynthesis Optimization                                            ; Off                ; Off                ;
; Analysis & Synthesis Message Level                                              ; Medium             ; Medium             ;
; Disable Register Merging Across Hierarchies                                     ; Auto               ; Auto               ;
; Resource Aware Inference For Block RAM                                          ; On                 ; On                 ;
; Automatic Parallel Synthesis                                                    ; On                 ; On                 ;
; Partial Reconfiguration Bitstream ID                                            ; Off                ; Off                ;
+---------------------------------------------------------------------------------+--------------------+--------------------+


+------------------------------------------+
; Parallel Compilation                     ;
+----------------------------+-------------+
; Processors                 ; Number      ;
+----------------------------+-------------+
; Number detected on machine ; 8           ;
; Maximum allowed            ; 8           ;
;                            ;             ;
; Average used               ; 1.00        ;
; Maximum used               ; 1           ;
;                            ;             ;
; Usage by Processor         ; % Time Used ;
;     Processor 1            ; 100.0%      ;
+----------------------------+-------------+


+--------------------------------------------------------------------------------------------------------------------------------------------------------------------------------------------------------------------+
; Analysis & Synthesis Source Files Read                                                                                                                                                                             ;
+----------------------------------+-----------------+------------------------+----------------------------------------------------------------------------------------------------------------------------+---------+
; File Name with User-Entered Path ; Used in Netlist ; File Type              ; File Name with Absolute Path                                                                                               ; Library ;
+----------------------------------+-----------------+------------------------+----------------------------------------------------------------------------------------------------------------------------+---------+
; i2c_master.v                     ; yes             ; User Verilog HDL File  ; /home/peter/Documents/RMIT/2019.1/Advanced Digital Design/Final_Project/add_final_project/project_files/i2c_master.v       ;         ;
; CRPK_ADC_Project.v               ; yes             ; User Verilog HDL File  ; /home/peter/Documents/RMIT/2019.1/Advanced Digital Design/Final_Project/add_final_project/project_files/CRPK_ADC_Project.v ;         ;
+----------------------------------+-----------------+------------------------+----------------------------------------------------------------------------------------------------------------------------+---------+


+------------------------------------------------------------+
; Analysis & Synthesis Resource Usage Summary                ;
+---------------------------------------------+--------------+
; Resource                                    ; Usage        ;
+---------------------------------------------+--------------+
; Estimate of Logic utilization (ALMs needed) ; 0            ;
;                                             ;              ;
; Combinational ALUT usage for logic          ; 0            ;
;     -- 7 input functions                    ; 0            ;
;     -- 6 input functions                    ; 0            ;
;     -- 5 input functions                    ; 0            ;
;     -- 4 input functions                    ; 0            ;
;     -- <=3 input functions                  ; 0            ;
;                                             ;              ;
; Dedicated logic registers                   ; 0            ;
;                                             ;              ;
; I/O pins                                    ; 11           ;
;                                             ;              ;
; Total DSP Blocks                            ; 0            ;
;                                             ;              ;
; Maximum fan-out node                        ; sdl_a~output ;
; Maximum fan-out                             ; 1            ;
; Total fan-out                               ; 11           ;
; Average fan-out                             ; 0.50         ;
+---------------------------------------------+--------------+


+---------------------------------------------------------------------------------------------------------------------------------------------------------------------------------------------+
; Analysis & Synthesis Resource Utilization by Entity                                                                                                                                         ;
+----------------------------+---------------------+---------------------------+-------------------+------------+------+--------------+---------------------+------------------+--------------+
; Compilation Hierarchy Node ; Combinational ALUTs ; Dedicated Logic Registers ; Block Memory Bits ; DSP Blocks ; Pins ; Virtual Pins ; Full Hierarchy Name ; Entity Name      ; Library Name ;
+----------------------------+---------------------+---------------------------+-------------------+------------+------+--------------+---------------------+------------------+--------------+
; |CRPK_ADC_Project          ; 0 (0)               ; 0 (0)                     ; 0                 ; 0          ; 11   ; 0            ; |CRPK_ADC_Project   ; CRPK_ADC_Project ; work         ;
+----------------------------+---------------------+---------------------------+-------------------+------------+------+--------------+---------------------+------------------+--------------+
Note: For table entries with two numbers listed, the numbers in parentheses indicate the number of resources of the given type used by the specific entity alone. The numbers listed outside of parentheses indicate the total resources of the given type used by the specific entity and all of its sub-entities in the hierarchy.


Encoding Type:  One-Hot
+--------------------------------------------------------------------------------------------------------------------------------------------------------------------------------------------------------------------------------------------------------------------------+
; State Machine - |CRPK_ADC_Project|i2c_master:i2c|current_state                                                                                                                                                                                                           ;
+---------------------------+-------------------------+---------------------+--------------------+--------------------------+--------------------+-------------------------+-----------------------+---------------------+---------------------+---------------------------+
; Name                      ; current_state.slv_ack_2 ; current_state.write ; current_state.stop ; current_state.master_ack ; current_state.read ; current_state.slv_ack_1 ; current_state.command ; current_state.start ; current_state.ready ; current_state.begin_state ;
+---------------------------+-------------------------+---------------------+--------------------+--------------------------+--------------------+-------------------------+-----------------------+---------------------+---------------------+---------------------------+
; current_state.begin_state ; 0                       ; 0                   ; 0                  ; 0                        ; 0                  ; 0                       ; 0                     ; 0                   ; 0                   ; 0                         ;
; current_state.ready       ; 0                       ; 0                   ; 0                  ; 0                        ; 0                  ; 0                       ; 0                     ; 0                   ; 1                   ; 1                         ;
; current_state.start       ; 0                       ; 0                   ; 0                  ; 0                        ; 0                  ; 0                       ; 0                     ; 1                   ; 0                   ; 1                         ;
; current_state.command     ; 0                       ; 0                   ; 0                  ; 0                        ; 0                  ; 0                       ; 1                     ; 0                   ; 0                   ; 1                         ;
; current_state.slv_ack_1   ; 0                       ; 0                   ; 0                  ; 0                        ; 0                  ; 1                       ; 0                     ; 0                   ; 0                   ; 1                         ;
; current_state.read        ; 0                       ; 0                   ; 0                  ; 0                        ; 1                  ; 0                       ; 0                     ; 0                   ; 0                   ; 1                         ;
; current_state.master_ack  ; 0                       ; 0                   ; 0                  ; 1                        ; 0                  ; 0                       ; 0                     ; 0                   ; 0                   ; 1                         ;
; current_state.stop        ; 0                       ; 0                   ; 1                  ; 0                        ; 0                  ; 0                       ; 0                     ; 0                   ; 0                   ; 1                         ;
; current_state.write       ; 0                       ; 1                   ; 0                  ; 0                        ; 0                  ; 0                       ; 0                     ; 0                   ; 0                   ; 1                         ;
; current_state.slv_ack_2   ; 1                       ; 0                   ; 0                  ; 0                        ; 0                  ; 0                       ; 0                     ; 0                   ; 0                   ; 1                         ;
+---------------------------+-------------------------+---------------------+--------------------+--------------------------+--------------------+-------------------------+-----------------------+---------------------+---------------------+---------------------------+


+---------------------------------------------------------------------------------+
; Registers Removed During Synthesis                                              ;
+------------------------------------------+--------------------------------------+
; Register name                            ; Reason for Removal                   ;
+------------------------------------------+--------------------------------------+
; i2c_master:i2c|current_state~2           ; Lost fanout                          ;
; i2c_master:i2c|current_state~3           ; Lost fanout                          ;
; i2c_master:i2c|current_state~4           ; Lost fanout                          ;
; i2c_master:i2c|current_state~5           ; Lost fanout                          ;
; i2c_master:i2c|current_state.begin_state ; Stuck at GND due to stuck port clock ;
; i2c_master:i2c|current_state.ready       ; Stuck at GND due to stuck port clock ;
; i2c_master:i2c|current_state.stop        ; Lost fanout                          ;
; i2c_master:i2c|current_state.master_ack  ; Lost fanout                          ;
; i2c_master:i2c|current_state.slv_ack_2   ; Lost fanout                          ;
; i2c_master:i2c|current_state.start       ; Stuck at GND due to stuck port clock ;
; i2c_master:i2c|current_state.command     ; Stuck at GND due to stuck port clock ;
; i2c_master:i2c|current_state.slv_ack_1   ; Stuck at GND due to stuck port clock ;
; i2c_master:i2c|current_state.read        ; Stuck at GND due to stuck port clock ;
; i2c_master:i2c|current_state.write       ; Stuck at GND due to stuck port clock ;
; Total Number of Removed Registers = 14   ;                                      ;
+------------------------------------------+--------------------------------------+


+------------------------------------------------------------------------------------------------------------------------------------------------------+
; Removed Registers Triggering Further Register Optimizations                                                                                          ;
+------------------------------------------+-------------------------+---------------------------------------------------------------------------------+
; Register name                            ; Reason for Removal      ; Registers Removed due to This Register                                          ;
+------------------------------------------+-------------------------+---------------------------------------------------------------------------------+
; i2c_master:i2c|current_state~2           ; Lost Fanouts            ; i2c_master:i2c|current_state.master_ack, i2c_master:i2c|current_state.slv_ack_2 ;
; i2c_master:i2c|current_state.begin_state ; Stuck at GND            ; i2c_master:i2c|current_state.ready, i2c_master:i2c|current_state.stop           ;
;                                          ; due to stuck port clock ;                                                                                 ;
; i2c_master:i2c|current_state.start       ; Stuck at GND            ; i2c_master:i2c|current_state.command                                            ;
;                                          ; due to stuck port clock ;                                                                                 ;
; i2c_master:i2c|current_state.slv_ack_1   ; Stuck at GND            ; i2c_master:i2c|current_state.read                                               ;
;                                          ; due to stuck port clock ;                                                                                 ;
+------------------------------------------+-------------------------+---------------------------------------------------------------------------------+


+------------------------------------------------------+
; General Register Statistics                          ;
+----------------------------------------------+-------+
; Statistic                                    ; Value ;
+----------------------------------------------+-------+
; Total registers                              ; 0     ;
; Number of registers using Synchronous Clear  ; 0     ;
; Number of registers using Synchronous Load   ; 0     ;
; Number of registers using Asynchronous Clear ; 0     ;
; Number of registers using Asynchronous Load  ; 0     ;
; Number of registers using Clock Enable       ; 0     ;
; Number of registers using Preset             ; 0     ;
+----------------------------------------------+-------+


+-------------------------------------------------------------+
; Parameter Settings for User Entity Instance: i2c_master:i2c ;
+----------------+-------+------------------------------------+
; Parameter Name ; Value ; Type                               ;
+----------------+-------+------------------------------------+
; begin_state    ; 0000  ; Unsigned Binary                    ;
; ready          ; 0001  ; Unsigned Binary                    ;
; start          ; 0010  ; Unsigned Binary                    ;
; command        ; 0011  ; Unsigned Binary                    ;
; slv_ack_1      ; 0100  ; Unsigned Binary                    ;
; read           ; 0101  ; Unsigned Binary                    ;
; master_ack     ; 0110  ; Unsigned Binary                    ;
; write          ; 1000  ; Unsigned Binary                    ;
; slv_ack_2      ; 1001  ; Unsigned Binary                    ;
; stop           ; 0111  ; Unsigned Binary                    ;
; error          ; 1111  ; Unsigned Binary                    ;
; unused_begin   ; 1010  ; Unsigned Binary                    ;
; unused_end     ; 1110  ; Unsigned Binary                    ;
+----------------+-------+------------------------------------+
Note: In order to hide this table in the UI and the text report file, please set the "Show Parameter Settings in Synthesis Report" option in "Analysis and Synthesis Settings -> More Settings" to "Off".


+-----------------------------------------------+
; Port Connectivity Checks: "i2c_master:i2c"    ;
+-------------+-------+----------+--------------+
; Port        ; Type  ; Severity ; Details      ;
+-------------+-------+----------+--------------+
; clock_state ; Input ; Info     ; Stuck at VCC ;
; clock_freq  ; Input ; Info     ; Stuck at VCC ;
; dev_id      ; Input ; Info     ; Stuck at GND ;
; addr        ; Input ; Info     ; Stuck at VCC ;
; input_data  ; Input ; Info     ; Stuck at VCC ;
; read_write  ; Input ; Info     ; Stuck at VCC ;
+-------------+-------+----------+--------------+


+-----------------------------------------------------+
; Post-Synthesis Netlist Statistics for Top Partition ;
+-----------------------+-----------------------------+
; Type                  ; Count                       ;
+-----------------------+-----------------------------+
; arriav_lcell_comb     ; 1                           ;
;     normal            ; 1                           ;
;         0 data inputs ; 1                           ;
; boundary_port         ; 11                          ;
;                       ;                             ;
; Max LUT depth         ; 0.00                        ;
; Average LUT depth     ; 0.00                        ;
+-----------------------+-----------------------------+


+-------------------------------+
; Elapsed Time Per Partition    ;
+----------------+--------------+
; Partition Name ; Elapsed Time ;
+----------------+--------------+
; Top            ; 00:00:00     ;
+----------------+--------------+


+-------------------------------+
; Analysis & Synthesis Messages ;
+-------------------------------+
Info: *******************************************************************
Info: Running Quartus Prime Analysis & Synthesis
    Info: Version 18.1.0 Build 625 09/12/2018 SJ Lite Edition
    Info: Processing started: Sat May 18 14:24:57 2019
Info: Command: quartus_map --read_settings_files=on --write_settings_files=off CRPK_ADC_Project -c CRPK_ADC_Project
Warning (18236): Number of processors has not been specified which may cause overloading on shared machines.  Set the global assignment NUM_PARALLEL_PROCESSORS in your QSF to an appropriate value for best performance.
Info (20030): Parallel compilation is enabled and will use 8 of the 8 processors detected
Info (12021): Found 1 design units, including 1 entities, in source file i2c_master.v
    Info (12023): Found entity 1: i2c_master File: /home/peter/Documents/RMIT/2019.1/Advanced Digital Design/Final_Project/add_final_project/project_files/i2c_master.v Line: 8
Info (12021): Found 1 design units, including 1 entities, in source file CRPK_ADC_Project.v
    Info (12023): Found entity 1: CRPK_ADC_Project File: /home/peter/Documents/RMIT/2019.1/Advanced Digital Design/Final_Project/add_final_project/project_files/CRPK_ADC_Project.v Line: 1
Warning (10236): Verilog HDL Implicit Net warning at CRPK_ADC_Project.v(28): created implicit net for "test" File: /home/peter/Documents/RMIT/2019.1/Advanced Digital Design/Final_Project/add_final_project/project_files/CRPK_ADC_Project.v Line: 28
Info (12127): Elaborating entity "CRPK_ADC_Project" for the top level hierarchy
Warning (10036): Verilog HDL or VHDL warning at CRPK_ADC_Project.v(28): object "test" assigned a value but never read File: /home/peter/Documents/RMIT/2019.1/Advanced Digital Design/Final_Project/add_final_project/project_files/CRPK_ADC_Project.v Line: 28
Info (12128): Elaborating entity "i2c_master" for hierarchy "i2c_master:i2c" File: /home/peter/Documents/RMIT/2019.1/Advanced Digital Design/Final_Project/add_final_project/project_files/CRPK_ADC_Project.v Line: 26
Warning (10036): Verilog HDL or VHDL warning at i2c_master.v(43): object "default_count" assigned a value but never read File: /home/peter/Documents/RMIT/2019.1/Advanced Digital Design/Final_Project/add_final_project/project_files/i2c_master.v Line: 43
Warning (10034): Output port "output_data" at i2c_master.v(17) has no driver File: /home/peter/Documents/RMIT/2019.1/Advanced Digital Design/Final_Project/add_final_project/project_files/i2c_master.v Line: 17
Warning (10034): Output port "enable" at i2c_master.v(16) has no driver File: /home/peter/Documents/RMIT/2019.1/Advanced Digital Design/Final_Project/add_final_project/project_files/i2c_master.v Line: 16
Warning (10034): Output port "sdl" at i2c_master.v(18) has no driver File: /home/peter/Documents/RMIT/2019.1/Advanced Digital Design/Final_Project/add_final_project/project_files/i2c_master.v Line: 18
Warning (10034): Output port "scl" at i2c_master.v(19) has no driver File: /home/peter/Documents/RMIT/2019.1/Advanced Digital Design/Final_Project/add_final_project/project_files/i2c_master.v Line: 19
Warning (13024): Output pins are stuck at VCC or GND
    Warning (13410): Pin "sdl_a" is stuck at GND File: /home/peter/Documents/RMIT/2019.1/Advanced Digital Design/Final_Project/add_final_project/project_files/CRPK_ADC_Project.v Line: 3
    Warning (13410): Pin "scl_a" is stuck at GND File: /home/peter/Documents/RMIT/2019.1/Advanced Digital Design/Final_Project/add_final_project/project_files/CRPK_ADC_Project.v Line: 4
    Warning (13410): Pin "ena" is stuck at GND File: /home/peter/Documents/RMIT/2019.1/Advanced Digital Design/Final_Project/add_final_project/project_files/CRPK_ADC_Project.v Line: 5
    Warning (13410): Pin "out[0]" is stuck at GND File: /home/peter/Documents/RMIT/2019.1/Advanced Digital Design/Final_Project/add_final_project/project_files/CRPK_ADC_Project.v Line: 7
    Warning (13410): Pin "out[1]" is stuck at GND File: /home/peter/Documents/RMIT/2019.1/Advanced Digital Design/Final_Project/add_final_project/project_files/CRPK_ADC_Project.v Line: 7
    Warning (13410): Pin "out[2]" is stuck at GND File: /home/peter/Documents/RMIT/2019.1/Advanced Digital Design/Final_Project/add_final_project/project_files/CRPK_ADC_Project.v Line: 7
    Warning (13410): Pin "out[3]" is stuck at GND File: /home/peter/Documents/RMIT/2019.1/Advanced Digital Design/Final_Project/add_final_project/project_files/CRPK_ADC_Project.v Line: 7
    Warning (13410): Pin "out[4]" is stuck at GND File: /home/peter/Documents/RMIT/2019.1/Advanced Digital Design/Final_Project/add_final_project/project_files/CRPK_ADC_Project.v Line: 7
    Warning (13410): Pin "out[5]" is stuck at GND File: /home/peter/Documents/RMIT/2019.1/Advanced Digital Design/Final_Project/add_final_project/project_files/CRPK_ADC_Project.v Line: 7
    Warning (13410): Pin "out[6]" is stuck at GND File: /home/peter/Documents/RMIT/2019.1/Advanced Digital Design/Final_Project/add_final_project/project_files/CRPK_ADC_Project.v Line: 7
    Warning (13410): Pin "out[7]" is stuck at GND File: /home/peter/Documents/RMIT/2019.1/Advanced Digital Design/Final_Project/add_final_project/project_files/CRPK_ADC_Project.v Line: 7
Info (17049): 7 registers lost all their fanouts during netlist optimizations.
Info (16010): Generating hard_block partition "hard_block:auto_generated_inst"
    Info (16011): Adding 0 node(s), including 0 DDIO, 0 PLL, 0 transceiver and 0 LCELL
Info (21057): Implemented 11 device resources after synthesis - the final resource count might be different
    Info (21058): Implemented 0 input pins
    Info (21059): Implemented 11 output pins
Info: Quartus Prime Analysis & Synthesis was successful. 0 errors, 20 warnings
    Info: Peak virtual memory: 997 megabytes
    Info: Processing ended: Sat May 18 14:25:14 2019
    Info: Elapsed time: 00:00:17
    Info: Total CPU time (on all processors): 00:00:44


